// Jest Snapshot v1, https://goo.gl/fbAQLP

exports[`Home screen should match snapshot 1`] = `
<RNCSafeAreaProvider
  onInsetsChange={[Function]}
  style={
    Object {
      "flex": 1,
    }
  }
>
  <View
    style={
      Object {
        "borderBottomColor": "[7m[38;2;196;196;198m#c4c4c6[39m[27m",
        "borderBottomWidth": 0.5,
        "flexDirection": "row",
        "minHeight": 54,
      }
    }
  >
    <View
      style={
        Object {
          "alignItems": "flex-start",
          "flexGrow": 1,
          "justifyContent": "center",
          "paddingLeft": 16,
          "zIndex": 1,
        }
      }
    />
    <View
      style={
        Object {
          "alignItems": "center",
          "flexGrow": 1,
          "justifyContent": "center",
          "left": 0,
          "minHeight": 54,
          "position": "absolute",
          "right": 0,
          "width": "100%",
          "zIndex": 0,
        }
      }
    />
    <View
      style={
        Object {
          "alignItems": "center",
          "flexDirection": "row",
          "flexGrow": 1,
          "justifyContent": "flex-end",
          "paddingRight": 16,
          "zIndex": 1,
        }
      }
    />
  </View>
</RNCSafeAreaProvider>
`;
