// Jest Snapshot v1, https://goo.gl/fbAQLP

exports[`NotificationHandler component should match snapshot 1`] = `
<RNCSafeAreaProvider
  onInsetsChange={[Function]}
  style={
    Object {
      "flex": 1,
    }
  }
>
  <View />
</RNCSafeAreaProvider>
`;
